bruno.r+   82506  0.0  0.0 1015192 63596 pts/13  Sl   10:29   0:00 node server.js
luis.he+   92260  0.0  0.0 1016432 63280 ?       Sl   10:52   0:00 node server.js
ana.liv+   95571  0.0  0.1 1017700 67196 pts/28  Sl   11:03   0:00 node server.js
eduarda+  104651  0.0  0.1 1070636 69560 pts/9   Sl   11:24   0:00 node iniciar-mongo-memoria.js
eduarda+  104664  0.0  0.0 1010648 56652 ?       Ssl  11:24   0:00 /usr/bin/node /home/eduarda.kramer/binario_tech/aula11/node_modules/mongodb-memory-server-core/scripts/mongo_killer.js 104651 104663
eduarda+  105031  0.0  0.1 1070724 69324 pts/9   Sl   11:25   0:00 node iniciar-mongo-memoria.js
eduarda+  105044  0.0  0.0 1010632 56748 ?       Ssl  11:25   0:00 /usr/bin/node /home/eduarda.kramer/binario_tech/aula11/node_modules/mongodb-memory-server-core/scripts/mongo_killer.js 105031 105043
ana.liv+  105374  0.0  0.1 1015680 66172 pts/28  Sl   11:26   0:00 node server.js
eduarda+  105548  0.0  0.1 1070628 70020 pts/9   Sl   11:26   0:00 node iniciar-mongo-memoria.js
eduarda+  105564  0.0  0.0 1010336 56664 ?       Ssl  11:26   0:00 /usr/bin/node /home/eduarda.kramer/binario_tech/aula11/node_modules/mongodb-memory-server-core/scripts/mongo_killer.js 105548 105563
eduarda+  105635  0.0  0.1 1076776 81612 pts/9   Sl+  11:26   0:05 node server.js
talyson+  106755  0.0  0.0 1015176 64692 pts/18  Sl+  11:30   0:00 node src/server.js
julia.s+  106985  0.0  0.0 1014556 63724 pts/29  Sl   11:31   0:00 node server.js
gabriel+  115010  0.0  0.0 1013804 61548 pts/11  Sl   12:37   0:00 node servidor_check.js
myguel.+  115056  0.0  0.0 1013648 62304 pts/17  Sl   12:37   0:00 node servidor_check.js
bruno.r+  115064  0.0  0.0 1013760 62164 pts/13  Sl   12:37   0:00 node servidor_check.js
erick.s+  115082  0.0  0.0 1013804 61960 pts/6   Sl   12:37   0:00 node servidor_check.js
murilo.+  115111  0.0  0.0 1015412 61076 pts/0   Sl   12:37   0:00 node servidor_check.js
juliana+  115161  0.0  0.0 1015148 59488 pts/16  Sl   12:37   0:00 node servidor_check.js
ana.liv+  115193  0.0  0.0 1014028 61544 pts/28  Sl   12:37   0:00 node servidor_check.js
felipe.+  115274  0.0  0.0 1013756 62084 pts/22  Sl   12:37   0:00 node servidor_check.js
maely.p+  115292  0.0  0.0 994140 51576 pts/32   Sl   12:37   0:00 node servidor_check.js
daniel.+  115355  0.0  0.0 1013740 61896 pts/15  Sl   12:38   0:00 node servidor_check.js
arthur.+  115709  0.0  0.0 1013776 62016 pts/14  Sl   12:38   0:00 node servidor_check.js
luis.he+  115738  0.0  0.0 1014016 61916 pts/34  Sl   12:38   0:00 node servidor_check.js
maria.e+  116255  0.0  0.0 1015276 59976 pts/5   Sl   12:40   0:00 node servidor_check.js
murilo.+  116842  0.0  0.0 1013768 62112 pts/1   Sl   12:41   0:00 node servidor_check.js
maria.m+  118417  0.0  0.0 1013508 60556 pts/20  Sl   12:46   0:00 node servidor_check.js
lana.sa+  118819  0.0  0.0 1013736 62048 pts/26  Sl   12:48   0:00 node servidor_check.js
kenzo.t+  121011  0.0  0.0 1015504 60092 pts/7   Sl   13:03   0:00 node servidor_check.js
nicolla+  121279  0.0  0.0 1014380 60672 pts/10  Sl   13:04   0:00 node servidor_check.js
nicolla+  121523  0.0  0.0 1014128 61076 pts/10  Sl   13:07   0:00 node servidor_check.js
felipe.+  122535  0.0  0.0 1013840 62156 pts/25  Sl+  13:13   0:00 node servidor_check.js
murilo.+  124045  0.0  0.0   6540  2504 pts/1    S+   13:28   0:00 grep node
bruno.r+   82506  0.0  0.0 1015192 63596 pts/13  Sl   10:29   0:00 node server.js
luis.he+   92260  0.0  0.0 1016432 63280 ?       Sl   10:52   0:00 node server.js
ana.liv+   95571  0.0  0.1 1017700 67196 pts/28  Sl   11:03   0:00 node server.js
eduarda+  104651  0.0  0.1 1070636 69560 pts/9   Sl   11:24   0:00 node iniciar-mongo-memoria.js
eduarda+  104664  0.0  0.0 1010648 56652 ?       Ssl  11:24   0:00 /usr/bin/node /home/eduarda.kramer/binario_tech/aula11/node_modules/mongodb-memory-server-core/scripts/mongo_killer.js 104651 104663
eduarda+  105031  0.0  0.1 1070724 69324 pts/9   Sl   11:25   0:00 node iniciar-mongo-memoria.js
eduarda+  105044  0.0  0.0 1010632 56752 ?       Ssl  11:25   0:00 /usr/bin/node /home/eduarda.kramer/binario_tech/aula11/node_modules/mongodb-memory-server-core/scripts/mongo_killer.js 105031 105043
ana.liv+  105374  0.0  0.1 1015680 66172 pts/28  Sl   11:26   0:00 node server.js
eduarda+  105548  0.0  0.1 1070628 70020 pts/9   Sl   11:26   0:00 node iniciar-mongo-memoria.js
eduarda+  105564  0.0  0.0 1010336 56668 ?       Ssl  11:26   0:00 /usr/bin/node /home/eduarda.kramer/binario_tech/aula11/node_modules/mongodb-memory-server-core/scripts/mongo_killer.js 105548 105563
eduarda+  105635  0.0  0.1 1076776 81856 pts/9   Sl+  11:26   0:05 node server.js
talyson+  106755  0.0  0.0 1015176 64692 pts/18  Sl+  11:30   0:00 node src/server.js
julia.s+  106985  0.0  0.0 1014556 63724 pts/29  Sl   11:31   0:00 node server.js
gabriel+  115010  0.0  0.0 1013804 61548 pts/11  Sl   12:37   0:00 node servidor_check.js
myguel.+  115056  0.0  0.0 1013648 62304 pts/17  Sl   12:37   0:00 node servidor_check.js
bruno.r+  115064  0.0  0.0 1013760 62164 pts/13  Sl   12:37   0:00 node servidor_check.js
erick.s+  115082  0.0  0.0 1013804 61960 pts/6   Sl   12:37   0:00 node servidor_check.js
murilo.+  115111  0.0  0.0 1015412 61076 pts/0   Sl   12:37   0:00 node servidor_check.js
juliana+  115161  0.0  0.0 1015148 59488 pts/16  Sl   12:37   0:00 node servidor_check.js
ana.liv+  115193  0.0  0.0 1014028 61544 pts/28  Sl   12:37   0:00 node servidor_check.js
felipe.+  115274  0.0  0.0 1013756 62084 pts/22  Sl   12:37   0:00 node servidor_check.js
maely.p+  115292  0.0  0.0 994140 51576 pts/32   Sl   12:37   0:00 node servidor_check.js
daniel.+  115355  0.0  0.0 1013740 61896 pts/15  Sl   12:38   0:00 node servidor_check.js
arthur.+  115709  0.0  0.0 1013776 62016 pts/14  Sl   12:38   0:00 node servidor_check.js
luis.he+  115738  0.0  0.0 1014016 61916 pts/34  Sl   12:38   0:00 node servidor_check.js
maria.e+  116255  0.0  0.0 1015276 59976 pts/5   Sl   12:40   0:00 node servidor_check.js
murilo.+  116842  0.0  0.0 1013768 62112 pts/1   Sl   12:41   0:00 node servidor_check.js
maria.m+  118417  0.0  0.0 1013508 60556 pts/20  Sl   12:46   0:00 node servidor_check.js
lana.sa+  118819  0.0  0.0 1013736 62052 pts/26  Sl   12:48   0:00 node servidor_check.js
kenzo.t+  121011  0.0  0.0 1015504 60092 pts/7   Sl   13:03   0:00 node servidor_check.js
nicolla+  121279  0.0  0.0 1014380 60672 pts/10  Sl   13:04   0:00 node servidor_check.js
nicolla+  121523  0.0  0.0 1014128 61076 pts/10  Sl   13:07   0:00 node servidor_check.js
felipe.+  122535  0.0  0.0 1013840 62156 pts/25  Sl+  13:13   0:00 node servidor_check.js
murilo.+  124069  0.0  0.0   6540  2520 pts/1    S+   13:29   0:00 grep node
root         685  0.0  0.0   9196  4068 ?        S    18:55   0:00 runuser -l murilo_parcel -c export GOPATH=/home/murilo_parcel/gopath:/google/gopath HOME=/home/murilo_parcel CLOUD_SHELL=true EDITOR_IN_CLOUD_SHELL=true CLOUD_CODE_CLOUD_SHELL_AUTHENTICATION='true' CONSOLIDATE_GCA_SPARKS='true' GEMINI_DEFAULT_PROJECT='cloudshell-gca' MINIKUBE_FORCE_SYSTEMD=true MINIKUBE_HOME=/google/minikube MINIKUBE_WANTUPDATENOTIFICATION=false NEW_GCA_AUTH_FLOW=true  USE_GKE_GCLOUD_AUTH_PLUGIN=True USE_PARTITIONED_COOKIES=true USER_EMAIL='murilo.parcel@aluno.senai.br' PATH=/opt/gradle/bin:/opt/maven/bin:/usr/local/sbin:/usr/local/bin:/usr/sbin:/usr/bin:/sbin:/bin:/usr/local/go/bin:/usr/local/node_packages/node_modules/.bin:/home/murilo_parcel/gopath/bin:/google/gopath/bin:/home/murilo_parcel/.gems/bin CLOUD_SHELL_FRAME_ANCESTORS="https://*.corp.google.com:* https://*.sandbox.google.com:* https://console.cloud.google.com https://console.firebase.google.com https://ide.cloud.google.com https://shell.cloud.google.com https://ssh.cloud.google.com"  && cd /google/devshell/editor/code-oss-for-cloud-shell && ./bin/codeoss-cloudshell --host=0.0.0.0 --port=971
murilo_+     709  0.2  1.6 1766868 132864 ?      Sl   18:55   0:07 /google/devshell/editor/code-oss-for-cloud-shell/node /google/devshell/editor/code-oss-for-cloud-shell/out/server-main.js --host=0.0.0.0 --port=971
murilo_+    1134  0.0  0.7 1448956 64232 ?       Sl   18:55   0:00 /google/devshell/editor/code-oss-for-cloud-shell/node /google/devshell/editor/code-oss-for-cloud-shell/out/bootstrap-fork --type=fileWatcher
murilo_+    1482  1.0 12.3 19370120 1002556 ?    Sl   18:55   0:30 /google/devshell/editor/code-oss-for-cloud-shell/node --dns-result-order=ipv4first /google/devshell/editor/code-oss-for-cloud-shell/out/bootstrap-fork --type=extensionHost --transformURIs --useHostProxy=false --supportGlobalNavigator
murilo_+    1580  0.0  0.9 1489912 73732 ?       Sl   18:55   0:00 /google/devshell/editor/code-oss-for-cloud-shell/node /google/devshell/editor/code-oss-for-cloud-shell/extensions/json-language-features/server/dist/node/jsonServerMain --node-ipc --clientProcessId=1482
murilo_+    1646  0.1  7.3 2227800 594840 ?      Sl   18:55   0:04 /google/devshell/editor/code-oss-for-cloud-shell/node /google/devshell/editor/code-oss-for-cloud-shell/extensions/cloudcode/dist/server/server.js --node-ipc --clientProcessId=1482
murilo_+    1654  0.1  2.4 18602040 202532 ?     Sl   18:55   0:05 /google/devshell/editor/code-oss-for-cloud-shell/node /google/devshell/editor/code-oss-for-cloud-shell/extensions/geminicodeassist/agent/a2a-server.mjs
murilo_+    1676  0.1  1.0 1475632 82932 ?       Sl   18:55   0:04 /google/devshell/editor/code-oss-for-cloud-shell/node /google/devshell/editor/code-oss-for-cloud-shell/out/bootstrap-fork --type=ptyHost --logsPath /home/murilo_parcel/.codeoss/data/logs/20260910T185508
murilo_+    3157  0.0  0.8 1418212 70080 pts/6   S<l  19:12   0:00 node servidor_check.js
murilo_+    3626  0.0  0.0   6548  2340 pts/6    S<+  19:41   0:00 grep node
